// Vitest Snapshot v1, https://vitest.dev/guide/snapshot.html

exports[`BoBadge > should match the snapshot 1`] = `
"<div class="bo-badge inline-flex cursor-default select-none space-x-1 shadow-md badge-default rounded-md me-2 px-2.5 py-0.5 text-xs font-medium bg-gray-100 text-gray-600">
  <!--v-if-->
  <div><span class="bo-badge__label truncate font-medium">Badge</span>
    <!--v-if-->
  </div>
  <!--v-if-->
</div>"
`;
