// Vitest Snapshot v1, https://vitest.dev/guide/snapshot.html

exports[`BoIcon > renders properly 1`] = `
"<div data-v-3eed3bbf="" class="bo-avatar__container"><img data-v-3eed3bbf="" alt="Avatar" src="/src/assets/img/avatar.png" class="bo-avatar__container__image image rounded md">
  <!--v-if-->
  <!--v-if-->
</div>"
`;
