// Vitest Snapshot v1, https://vitest.dev/guide/snapshot.html

exports[`ClButton > renders correctly 1`] = `
"<button id=\\"cl-button_1692472647093\\" class=\\"cl-button w-full h-full flex flex-row justify-center items-center focus:ring-1 font-medium rounded-lg focus:outline-none px-3 py-2 text-sm font-medium text-center text-white bg-blue-700 dark:bg-blue-600 hover:bg-blue-800 dark:hover:bg-blue-700 focus:ring-blue-300 dark:focus:ring-blue-800\\">
  <div><span></span><span>Test</span><span></span></div>
</button>"
`;
