// Vitest Snapshot v1, https://vitest.dev/guide/snapshot.html

exports[`bo_button.vue > should match snapshot 1`] = `
"<button type="button" role="button" class="flex gap-2 items-center justify-center content-center transition-opacity duration-200 cursor-pointer disabled:cursor-not-allowed disabled:opacity-50 bg-blue-600 hover:bg-blue-700 focus:ring-blue-600 text-white dark:bg-blue-600 dark:hover:bg-blue-700 dark:focus:ring-blue-600 shadow-sm shadow-blue-600/10 dark:shadow-sm dark:shadow-blue-800/80 h-8 px-3 text-default leading-default rounded-lg">
  <div class="bo-button__content flex gap-2 items-center justify-center">
    <!--v-if--><label class="bo-text inline-flex gap-2 items-center justify-center select-none max-w-full truncate text-default leading-default font-medium bo-button__label cursor-pointer" aria-label="text">Label</label>
    <!--v-if-->
  </div>
</button>"
`;
