// Vitest Snapshot v1, https://vitest.dev/guide/snapshot.html

exports[`BoIconButton > should match snapshot 1`] = `
"<button type="button" class="bg-blue-500 hover:bg-blue-600 text-white p-1 w-10 h-10 disabled:opacity-50 disabled:cursor-not-allowed flex items-center justify-center transition-opacity duration-200 cursor-pointer rounded-lg shadow-md flex justify-center items-center">
  <div style="color: currentColor;" class="bo-icon size-4" aria-label="icon" type="image/svg+xml"></div>
</button>"
`;
